<html>
<body>
<pre>
<h1>礦ision Build Log</h1>
<h2>Tool Versions:</h2>
IDE-Version: μVision V5.25.2.0
Copyright (C) 2018 ARM Ltd and ARM Germany GmbH. All rights reserved.
License Information: Kite Chin, 1, LIC=YA39H-WS5VK-NNHAF-60FB1-ZBPKC-UJEJQ
 
Tool Versions:
Toolchain:       MDK-ARM Plus  Version: 5.25.2.0
Toolchain Path:  E:\Keil_v5\ARM\ARMCC\Bin
C Compiler:      Armcc.exe V5.06 update 6 (build 750)
Assembler:       Armasm.exe V5.06 update 6 (build 750)
Linker/Locator:  ArmLink.exe V5.06 update 6 (build 750)
Library Manager: ArmAr.exe V5.06 update 6 (build 750)
Hex Converter:   FromElf.exe V5.06 update 6 (build 750)
CPU DLL:         SARMCM3.DLL V5.25.2.0
Dialog DLL:      DCM.DLL V1.17.1.0
Target DLL:      CMSIS_AGDI.dll V1.29.10.0
Dialog DLL:      TCM.DLL V1.35.1.0
 
<h2>Project:</h2>
E:\实验室\Keil_project\STM32F4\V5-120b_AD7606（8通道16位同步ADC）spi模式例程1\Project\MDK-ARM\project.uvprojx
Project File Date:  05/22/2021

<h2>Output:</h2>
*** Using Compiler 'V5.06 update 6 (build 750)', folder: 'E:\Keil_v5\ARM\ARMCC\Bin'
Rebuild target 'Flash'
compiling stm32f4xx_assert.c...
compiling bsp_key.c...
compiling demo_spi_ad7606.c...
compiling bsp_led.c...
compiling stm32f4xx_it.c...
compiling main.c...
compiling bsp_uart_fifo.c...
compiling bsp_timer.c...
assembling startup_stm32f40_41xxx.s...
compiling stm32f4xx_gpio.c...
compiling stm32f4xx_syscfg.c...
compiling bsp_spi_bus.c...
compiling bsp.c...
compiling bsp_spi_ad7606.c...
compiling stm32f4xx_rcc.c...
compiling misc.c...
compiling stm32f4xx_usart.c...
compiling stm32f4xx_spi.c...
compiling system_stm32f4xx.c...
linking...
Program Size: Code=8864 RO-data=472 RW-data=56 ZI-data=25008  
FromELF: creating hex file...
After Build - User command #1: CopyHex_Flash.bat
E:\实验室\Keil_project\STM32F4\V5-120b_AD7606（8通道16位同步ADC）spi模式例程1\Project\MDK-ARM>copy Flash\Obj\output.hex ..\output(mdk).hex 
已复制         1 个文件。
".\Flash\Obj\output.axf" - 0 Error(s), 0 Warning(s).

<h2>Software Packages used:</h2>

Package Vendor: ARM
                http://www.keil.com/pack/ARM.CMSIS.5.3.0.pack
                ARM.CMSIS.5.3.0
                CMSIS (Cortex Microcontroller Software Interface Standard)
   * Component: CORE Version: 5.1.1

Package Vendor: Keil
                http://www.keil.com/pack/Keil.STM32F4xx_DFP.2.7.0.pack
                Keil.STM32F4xx_DFP.2.7.0
                STMicroelectronics STM32F4 Series Device Support, Drivers and Examples

<h2>Collection of Component include folders:</h2>
  .\RTE\_Flash
  E:\Keil_v5\ARM\PACK\ARM\CMSIS\5.3.0\CMSIS\Include
  E:\Keil_v5\ARM\PACK\Keil\STM32F4xx_DFP\2.7.0\Drivers\CMSIS\Device\ST\STM32F4xx\Include

<h2>Collection of Component Files used:</h2>

   * Component: ARM::CMSIS:CORE:5.1.1
Build Time Elapsed:  00:00:04
</pre>
</body>
</html>
